#0 building with "desktop-linux" instance using docker driver

#1 [internal] load build definition from Dockerfile
#1 transferring dockerfile: 252B done
#1 DONE 0.0s

#2 [internal] load metadata for docker.io/library/python:3.11
#2 DONE 0.8s

#3 [internal] load .dockerignore
#3 transferring context: 2B done
#3 DONE 0.0s

#4 [internal] load build context
#4 transferring context: 102B done
#4 DONE 0.0s

#5 [1/6] FROM docker.io/library/python:3.11@sha256:c6f8471e0e7aa5500c1969b3b2ffb20708c42a3bc79b697feab146edfc9eac16
#5 resolve docker.io/library/python:3.11@sha256:c6f8471e0e7aa5500c1969b3b2ffb20708c42a3bc79b697feab146edfc9eac16 done
#5 DONE 0.0s

#6 [2/6] WORKDIR /app
#6 CACHED

#7 [3/6] COPY requirements.txt .
#7 DONE 0.0s

#8 [4/6] COPY requirements-dev.txt .
#8 DONE 0.0s

#9 [5/6] RUN pip install --no-cache-dir -r requirements.txt -r requirements-dev.txt
#9 1.286 Collecting flask==3.0.3 (from -r requirements.txt (line 1))
#9 1.398   Downloading flask-3.0.3-py3-none-any.whl.metadata (3.2 kB)
#9 1.499 Collecting pytest==8.2.2 (from -r requirements-dev.txt (line 1))
#9 1.534   Downloading pytest-8.2.2-py3-none-any.whl.metadata (7.6 kB)
#9 1.585 Collecting requests==2.32.3 (from -r requirements-dev.txt (line 2))
#9 1.616   Downloading requests-2.32.3-py3-none-any.whl.metadata (4.6 kB)
#9 1.667 Collecting Werkzeug>=3.0.0 (from flask==3.0.3->-r requirements.txt (line 1))
#9 1.714   Downloading werkzeug-3.1.8-py3-none-any.whl.metadata (4.0 kB)
#9 1.763 Collecting Jinja2>=3.1.2 (from flask==3.0.3->-r requirements.txt (line 1))
#9 1.794   Downloading jinja2-3.1.6-py3-none-any.whl.metadata (2.9 kB)
#9 1.841 Collecting itsdangerous>=2.1.2 (from flask==3.0.3->-r requirements.txt (line 1))
#9 1.873   Downloading itsdangerous-2.2.0-py3-none-any.whl.metadata (1.9 kB)
#9 1.927 Collecting click>=8.1.3 (from flask==3.0.3->-r requirements.txt (line 1))
#9 1.958   Downloading click-8.3.3-py3-none-any.whl.metadata (2.6 kB)
#9 2.012 Collecting blinker>=1.6.2 (from flask==3.0.3->-r requirements.txt (line 1))
#9 2.046   Downloading blinker-1.9.0-py3-none-any.whl.metadata (1.6 kB)
#9 2.097 Collecting iniconfig (from pytest==8.2.2->-r requirements-dev.txt (line 1))
#9 2.129   Downloading iniconfig-2.3.0-py3-none-any.whl.metadata (2.5 kB)
#9 2.185 Collecting packaging (from pytest==8.2.2->-r requirements-dev.txt (line 1))
#9 2.217   Downloading packaging-26.2-py3-none-any.whl.metadata (3.5 kB)
#9 2.264 Collecting pluggy<2.0,>=1.5 (from pytest==8.2.2->-r requirements-dev.txt (line 1))
#9 2.299   Downloading pluggy-1.6.0-py3-none-any.whl.metadata (4.8 kB)
#9 2.453 Collecting charset-normalizer<4,>=2 (from requests==2.32.3->-r requirements-dev.txt (line 2))
#9 2.489   Downloading charset_normalizer-3.4.7-cp311-cp311-manylinux2014_aarch64.manylinux_2_17_aarch64.manylinux_2_28_aarch64.whl.metadata (40 kB)
#9 2.503      ━━━━━━━━━━━━━━━━━━━━━━━━━━━━━━━━━━━━━━━━ 40.9/40.9 kB 3.6 MB/s eta 0:00:00
#9 2.545 Collecting idna<4,>=2.5 (from requests==2.32.3->-r requirements-dev.txt (line 2))
#9 2.575   Downloading idna-3.14-py3-none-any.whl.metadata (8.0 kB)
#9 2.628 Collecting urllib3<3,>=1.21.1 (from requests==2.32.3->-r requirements-dev.txt (line 2))
#9 2.659   Downloading urllib3-2.7.0-py3-none-any.whl.metadata (6.9 kB)
#9 2.702 Collecting certifi>=2017.4.17 (from requests==2.32.3->-r requirements-dev.txt (line 2))
#9 2.733   Downloading certifi-2026.4.22-py3-none-any.whl.metadata (2.5 kB)
#9 2.803 Collecting MarkupSafe>=2.0 (from Jinja2>=3.1.2->flask==3.0.3->-r requirements.txt (line 1))
#9 2.839   Downloading markupsafe-3.0.3-cp311-cp311-manylinux2014_aarch64.manylinux_2_17_aarch64.manylinux_2_28_aarch64.whl.metadata (2.7 kB)
#9 2.897 Downloading flask-3.0.3-py3-none-any.whl (101 kB)
#9 2.929    ━━━━━━━━━━━━━━━━━━━━━━━━━━━━━━━━━━━━━━━━ 101.7/101.7 kB 3.0 MB/s eta 0:00:00
#9 2.964 Downloading pytest-8.2.2-py3-none-any.whl (339 kB)
#9 3.008    ━━━━━━━━━━━━━━━━━━━━━━━━━━━━━━━━━━━━━━━━ 339.9/339.9 kB 8.2 MB/s eta 0:00:00
#9 3.042 Downloading requests-2.32.3-py3-none-any.whl (64 kB)
#9 3.046    ━━━━━━━━━━━━━━━━━━━━━━━━━━━━━━━━━━━━━━━━ 64.9/64.9 kB 117.7 MB/s eta 0:00:00
#9 3.087 Downloading blinker-1.9.0-py3-none-any.whl (8.5 kB)
#9 3.123 Downloading certifi-2026.4.22-py3-none-any.whl (135 kB)
#9 3.130    ━━━━━━━━━━━━━━━━━━━━━━━━━━━━━━━━━━━━━━━ 135.7/135.7 kB 226.5 MB/s eta 0:00:00
#9 3.168 Downloading charset_normalizer-3.4.7-cp311-cp311-manylinux2014_aarch64.manylinux_2_17_aarch64.manylinux_2_28_aarch64.whl (206 kB)
#9 3.174    ━━━━━━━━━━━━━━━━━━━━━━━━━━━━━━━━━━━━━━━ 206.4/206.4 kB 186.4 MB/s eta 0:00:00
#9 3.210 Downloading click-8.3.3-py3-none-any.whl (110 kB)
#9 3.214    ━━━━━━━━━━━━━━━━━━━━━━━━━━━━━━━━━━━━━━━ 110.5/110.5 kB 139.6 MB/s eta 0:00:00
#9 3.250 Downloading idna-3.14-py3-none-any.whl (72 kB)
#9 3.254    ━━━━━━━━━━━━━━━━━━━━━━━━━━━━━━━━━━━━━━━━ 72.2/72.2 kB 155.1 MB/s eta 0:00:00
#9 3.290 Downloading itsdangerous-2.2.0-py3-none-any.whl (16 kB)
#9 3.330 Downloading jinja2-3.1.6-py3-none-any.whl (134 kB)
#9 3.334    ━━━━━━━━━━━━━━━━━━━━━━━━━━━━━━━━━━━━━━━ 134.9/134.9 kB 145.5 MB/s eta 0:00:00
#9 3.370 Downloading pluggy-1.6.0-py3-none-any.whl (20 kB)
#9 3.404 Downloading urllib3-2.7.0-py3-none-any.whl (131 kB)
#9 3.423    ━━━━━━━━━━━━━━━━━━━━━━━━━━━━━━━━━━━━━━━━ 131.1/131.1 kB 6.8 MB/s eta 0:00:00
#9 3.453 Downloading werkzeug-3.1.8-py3-none-any.whl (226 kB)
#9 3.461    ━━━━━━━━━━━━━━━━━━━━━━━━━━━━━━━━━━━━━━━━ 226.5/226.5 kB 36.9 MB/s eta 0:00:00
#9 3.495 Downloading iniconfig-2.3.0-py3-none-any.whl (7.5 kB)
#9 3.531 Downloading packaging-26.2-py3-none-any.whl (100 kB)
#9 3.535    ━━━━━━━━━━━━━━━━━━━━━━━━━━━━━━━━━━━━━━━ 100.2/100.2 kB 162.2 MB/s eta 0:00:00
#9 3.572 Downloading markupsafe-3.0.3-cp311-cp311-manylinux2014_aarch64.manylinux_2_17_aarch64.manylinux_2_28_aarch64.whl (24 kB)
#9 3.627 Installing collected packages: urllib3, pluggy, packaging, MarkupSafe, itsdangerous, iniconfig, idna, click, charset-normalizer, certifi, blinker, Werkzeug, requests, pytest, Jinja2, flask
#9 4.124 Successfully installed Jinja2-3.1.6 MarkupSafe-3.0.3 Werkzeug-3.1.8 blinker-1.9.0 certifi-2026.4.22 charset-normalizer-3.4.7 click-8.3.3 flask-3.0.3 idna-3.14 iniconfig-2.3.0 itsdangerous-2.2.0 packaging-26.2 pluggy-1.6.0 pytest-8.2.2 requests-2.32.3 urllib3-2.7.0
#9 4.124 WARNING: Running pip as the 'root' user can result in broken permissions and conflicting behaviour with the system package manager. It is recommended to use a virtual environment instead: https://pip.pypa.io/warnings/venv
#9 4.260 
#9 4.260 [notice] A new release of pip is available: 24.0 -> 26.1.1
#9 4.260 [notice] To update, run: pip install --upgrade pip
#9 DONE 4.4s

#10 [6/6] COPY app.py .
#10 DONE 0.0s

#11 exporting to image
#11 exporting layers
#11 exporting layers 0.6s done
#11 exporting manifest sha256:b2f253c80536f39eee8e5be517c756166ad5709c6369c296e139edda78563d3c
#11 exporting manifest sha256:b2f253c80536f39eee8e5be517c756166ad5709c6369c296e139edda78563d3c done
#11 exporting config sha256:fd64cb4c8158a277f5be50da876f528539777cdadd40beec38c9596b996078a2 done
#11 exporting attestation manifest sha256:65281c93fe1d6ffa99ed58efc77b09ad20a2e9bb88991a11e0b0bf3eaa9e6001 done
#11 exporting manifest list sha256:e178499d05814913b8e68369cec778088ce2afc037ff09ed5f74ca5218ef11c5 done
#11 naming to docker.io/library/kalkulator-cache:latest done
#11 unpacking to docker.io/library/kalkulator-cache:latest 0.1s done
#11 DONE 0.8s
