#0 building with "desktop-linux" instance using docker driver

#1 [internal] load build definition from Dockerfile
#1 transferring dockerfile: 190B done
#1 DONE 0.0s

#2 [internal] load metadata for docker.io/library/python:3.11
#2 DONE 0.5s

#3 [internal] load .dockerignore
#3 transferring context: 2B done
#3 DONE 0.0s

#4 [1/4] FROM docker.io/library/python:3.11@sha256:c6f8471e0e7aa5500c1969b3b2ffb20708c42a3bc79b697feab146edfc9eac16
#4 resolve docker.io/library/python:3.11@sha256:c6f8471e0e7aa5500c1969b3b2ffb20708c42a3bc79b697feab146edfc9eac16 done
#4 DONE 0.0s

#5 [2/4] WORKDIR /app
#5 CACHED

#6 [internal] load build context
#6 transferring context: 12.10kB done
#6 DONE 0.0s

#7 [3/4] COPY . .
#7 DONE 0.0s

#8 [4/4] RUN pip install -r requirements.txt -r requirements-dev.txt
#8 1.092 Collecting flask==3.0.3 (from -r requirements.txt (line 1))
#8 1.198   Downloading flask-3.0.3-py3-none-any.whl.metadata (3.2 kB)
#8 1.298 Collecting pytest==8.2.2 (from -r requirements-dev.txt (line 1))
#8 1.333   Downloading pytest-8.2.2-py3-none-any.whl.metadata (7.6 kB)
#8 1.391 Collecting requests==2.32.3 (from -r requirements-dev.txt (line 2))
#8 1.425   Downloading requests-2.32.3-py3-none-any.whl.metadata (4.6 kB)
#8 1.481 Collecting Werkzeug>=3.0.0 (from flask==3.0.3->-r requirements.txt (line 1))
#8 1.621   Downloading werkzeug-3.1.8-py3-none-any.whl.metadata (4.0 kB)
#8 1.694 Collecting Jinja2>=3.1.2 (from flask==3.0.3->-r requirements.txt (line 1))
#8 1.728   Downloading jinja2-3.1.6-py3-none-any.whl.metadata (2.9 kB)
#8 1.783 Collecting itsdangerous>=2.1.2 (from flask==3.0.3->-r requirements.txt (line 1))
#8 1.818   Downloading itsdangerous-2.2.0-py3-none-any.whl.metadata (1.9 kB)
#8 1.876 Collecting click>=8.1.3 (from flask==3.0.3->-r requirements.txt (line 1))
#8 1.908   Downloading click-8.3.3-py3-none-any.whl.metadata (2.6 kB)
#8 1.954 Collecting blinker>=1.6.2 (from flask==3.0.3->-r requirements.txt (line 1))
#8 1.985   Downloading blinker-1.9.0-py3-none-any.whl.metadata (1.6 kB)
#8 2.032 Collecting iniconfig (from pytest==8.2.2->-r requirements-dev.txt (line 1))
#8 2.067   Downloading iniconfig-2.3.0-py3-none-any.whl.metadata (2.5 kB)
#8 2.122 Collecting packaging (from pytest==8.2.2->-r requirements-dev.txt (line 1))
#8 2.155   Downloading packaging-26.2-py3-none-any.whl.metadata (3.5 kB)
#8 2.204 Collecting pluggy<2.0,>=1.5 (from pytest==8.2.2->-r requirements-dev.txt (line 1))
#8 2.236   Downloading pluggy-1.6.0-py3-none-any.whl.metadata (4.8 kB)
#8 2.381 Collecting charset-normalizer<4,>=2 (from requests==2.32.3->-r requirements-dev.txt (line 2))
#8 2.414   Downloading charset_normalizer-3.4.7-cp311-cp311-manylinux2014_aarch64.manylinux_2_17_aarch64.manylinux_2_28_aarch64.whl.metadata (40 kB)
#8 2.430      ━━━━━━━━━━━━━━━━━━━━━━━━━━━━━━━━━━━━━━━━ 40.9/40.9 kB 3.2 MB/s eta 0:00:00
#8 2.471 Collecting idna<4,>=2.5 (from requests==2.32.3->-r requirements-dev.txt (line 2))
#8 2.502   Downloading idna-3.14-py3-none-any.whl.metadata (8.0 kB)
#8 2.559 Collecting urllib3<3,>=1.21.1 (from requests==2.32.3->-r requirements-dev.txt (line 2))
#8 2.592   Downloading urllib3-2.7.0-py3-none-any.whl.metadata (6.9 kB)
#8 2.637 Collecting certifi>=2017.4.17 (from requests==2.32.3->-r requirements-dev.txt (line 2))
#8 2.670   Downloading certifi-2026.4.22-py3-none-any.whl.metadata (2.5 kB)
#8 2.741 Collecting MarkupSafe>=2.0 (from Jinja2>=3.1.2->flask==3.0.3->-r requirements.txt (line 1))
#8 2.780   Downloading markupsafe-3.0.3-cp311-cp311-manylinux2014_aarch64.manylinux_2_17_aarch64.manylinux_2_28_aarch64.whl.metadata (2.7 kB)
#8 2.839 Downloading flask-3.0.3-py3-none-any.whl (101 kB)
#8 2.874    ━━━━━━━━━━━━━━━━━━━━━━━━━━━━━━━━━━━━━━━━ 101.7/101.7 kB 2.8 MB/s eta 0:00:00
#8 2.909 Downloading pytest-8.2.2-py3-none-any.whl (339 kB)
#8 2.954    ━━━━━━━━━━━━━━━━━━━━━━━━━━━━━━━━━━━━━━━━ 339.9/339.9 kB 7.5 MB/s eta 0:00:00
#8 2.992 Downloading requests-2.32.3-py3-none-any.whl (64 kB)
#8 2.999    ━━━━━━━━━━━━━━━━━━━━━━━━━━━━━━━━━━━━━━━━ 64.9/64.9 kB 11.8 MB/s eta 0:00:00
#8 3.035 Downloading blinker-1.9.0-py3-none-any.whl (8.5 kB)
#8 3.077 Downloading certifi-2026.4.22-py3-none-any.whl (135 kB)
#8 3.088    ━━━━━━━━━━━━━━━━━━━━━━━━━━━━━━━━━━━━━━━━ 135.7/135.7 kB 17.9 MB/s eta 0:00:00
#8 3.125 Downloading charset_normalizer-3.4.7-cp311-cp311-manylinux2014_aarch64.manylinux_2_17_aarch64.manylinux_2_28_aarch64.whl (206 kB)
#8 3.137    ━━━━━━━━━━━━━━━━━━━━━━━━━━━━━━━━━━━━━━━━ 206.4/206.4 kB 24.4 MB/s eta 0:00:00
#8 3.172 Downloading click-8.3.3-py3-none-any.whl (110 kB)
#8 3.183    ━━━━━━━━━━━━━━━━━━━━━━━━━━━━━━━━━━━━━━━━ 110.5/110.5 kB 14.7 MB/s eta 0:00:00
#8 3.217 Downloading idna-3.14-py3-none-any.whl (72 kB)
#8 3.226    ━━━━━━━━━━━━━━━━━━━━━━━━━━━━━━━━━━━━━━━━ 72.2/72.2 kB 10.2 MB/s eta 0:00:00
#8 3.266 Downloading itsdangerous-2.2.0-py3-none-any.whl (16 kB)
#8 3.309 Downloading jinja2-3.1.6-py3-none-any.whl (134 kB)
#8 3.319    ━━━━━━━━━━━━━━━━━━━━━━━━━━━━━━━━━━━━━━━━ 134.9/134.9 kB 18.8 MB/s eta 0:00:00
#8 3.355 Downloading pluggy-1.6.0-py3-none-any.whl (20 kB)
#8 3.397 Downloading urllib3-2.7.0-py3-none-any.whl (131 kB)
#8 3.406    ━━━━━━━━━━━━━━━━━━━━━━━━━━━━━━━━━━━━━━━━ 131.1/131.1 kB 20.8 MB/s eta 0:00:00
#8 3.456 Downloading werkzeug-3.1.8-py3-none-any.whl (226 kB)
#8 3.469    ━━━━━━━━━━━━━━━━━━━━━━━━━━━━━━━━━━━━━━━━ 226.5/226.5 kB 19.6 MB/s eta 0:00:00
#8 3.502 Downloading iniconfig-2.3.0-py3-none-any.whl (7.5 kB)
#8 3.539 Downloading packaging-26.2-py3-none-any.whl (100 kB)
#8 3.552    ━━━━━━━━━━━━━━━━━━━━━━━━━━━━━━━━━━━━━━━━ 100.2/100.2 kB 9.6 MB/s eta 0:00:00
#8 3.587 Downloading markupsafe-3.0.3-cp311-cp311-manylinux2014_aarch64.manylinux_2_17_aarch64.manylinux_2_28_aarch64.whl (24 kB)
#8 3.646 Installing collected packages: urllib3, pluggy, packaging, MarkupSafe, itsdangerous, iniconfig, idna, click, charset-normalizer, certifi, blinker, Werkzeug, requests, pytest, Jinja2, flask
#8 4.143 Successfully installed Jinja2-3.1.6 MarkupSafe-3.0.3 Werkzeug-3.1.8 blinker-1.9.0 certifi-2026.4.22 charset-normalizer-3.4.7 click-8.3.3 flask-3.0.3 idna-3.14 iniconfig-2.3.0 itsdangerous-2.2.0 packaging-26.2 pluggy-1.6.0 pytest-8.2.2 requests-2.32.3 urllib3-2.7.0
#8 4.144 WARNING: Running pip as the 'root' user can result in broken permissions and conflicting behaviour with the system package manager. It is recommended to use a virtual environment instead: https://pip.pypa.io/warnings/venv
#8 4.288 
#8 4.288 [notice] A new release of pip is available: 24.0 -> 26.1.1
#8 4.288 [notice] To update, run: pip install --upgrade pip
#8 DONE 4.5s

#9 exporting to image
#9 exporting layers
#9 exporting layers 0.7s done
#9 exporting manifest sha256:981e7d3df5e2f0cb5eaeef871f1694f461b995d229e130390868de7a7aab45ea
#9 exporting manifest sha256:981e7d3df5e2f0cb5eaeef871f1694f461b995d229e130390868de7a7aab45ea done
#9 exporting config sha256:735046b5c1a566c0b7e3a64083bd588b10c1053eaafbe74a86edd2f126f9f25c done
#9 exporting attestation manifest sha256:04a031d7be221c7d50fd104d2333c7ae472cc70151f742b6f926f40ec65ba58c done
#9 exporting manifest list sha256:44dbc41022a061396ae28f20bc153dadce624ddba281d90cae435f1c19165ab2 done
#9 naming to docker.io/library/kalkulator-baseline:latest done
#9 unpacking to docker.io/library/kalkulator-baseline:latest 0.1s done
#9 DONE 0.9s
