#0 building with "desktop-linux" instance using docker driver

#1 [internal] load build definition from Dockerfile
#1 transferring dockerfile: 256B done
#1 DONE 0.0s

#2 [internal] load metadata for docker.io/library/python:3.11-slim
#2 DONE 0.6s

#3 [internal] load .dockerignore
#3 transferring context: 112B done
#3 DONE 0.0s

#4 [internal] load build context
#4 transferring context: 102B done
#4 DONE 0.0s

#5 [1/6] FROM docker.io/library/python:3.11-slim@sha256:a5b427ace4900267d93db34138e512325c6fa6af84ad5e4ed5f3b36258cc4142
#5 resolve docker.io/library/python:3.11-slim@sha256:a5b427ace4900267d93db34138e512325c6fa6af84ad5e4ed5f3b36258cc4142 done
#5 DONE 0.0s

#6 [2/6] WORKDIR /app
#6 CACHED

#7 [3/6] COPY requirements.txt .
#7 DONE 0.0s

#8 [4/6] COPY requirements-dev.txt .
#8 DONE 0.0s

#9 [5/6] RUN pip install --no-cache-dir -r requirements.txt -r requirements-dev.txt
#9 1.077 Collecting flask==3.0.3 (from -r requirements.txt (line 1))
#9 1.167   Downloading flask-3.0.3-py3-none-any.whl.metadata (3.2 kB)
#9 1.242 Collecting pytest==8.2.2 (from -r requirements-dev.txt (line 1))
#9 1.271   Downloading pytest-8.2.2-py3-none-any.whl.metadata (7.6 kB)
#9 1.314 Collecting requests==2.32.3 (from -r requirements-dev.txt (line 2))
#9 1.341   Downloading requests-2.32.3-py3-none-any.whl.metadata (4.6 kB)
#9 1.388 Collecting Werkzeug>=3.0.0 (from flask==3.0.3->-r requirements.txt (line 1))
#9 1.413   Downloading werkzeug-3.1.8-py3-none-any.whl.metadata (4.0 kB)
#9 1.447 Collecting Jinja2>=3.1.2 (from flask==3.0.3->-r requirements.txt (line 1))
#9 1.472   Downloading jinja2-3.1.6-py3-none-any.whl.metadata (2.9 kB)
#9 1.511 Collecting itsdangerous>=2.1.2 (from flask==3.0.3->-r requirements.txt (line 1))
#9 1.537   Downloading itsdangerous-2.2.0-py3-none-any.whl.metadata (1.9 kB)
#9 1.586 Collecting click>=8.1.3 (from flask==3.0.3->-r requirements.txt (line 1))
#9 1.611   Downloading click-8.3.3-py3-none-any.whl.metadata (2.6 kB)
#9 1.650 Collecting blinker>=1.6.2 (from flask==3.0.3->-r requirements.txt (line 1))
#9 1.678   Downloading blinker-1.9.0-py3-none-any.whl.metadata (1.6 kB)
#9 1.713 Collecting iniconfig (from pytest==8.2.2->-r requirements-dev.txt (line 1))
#9 1.742   Downloading iniconfig-2.3.0-py3-none-any.whl.metadata (2.5 kB)
#9 1.791 Collecting packaging (from pytest==8.2.2->-r requirements-dev.txt (line 1))
#9 1.817   Downloading packaging-26.2-py3-none-any.whl.metadata (3.5 kB)
#9 1.857 Collecting pluggy<2.0,>=1.5 (from pytest==8.2.2->-r requirements-dev.txt (line 1))
#9 1.883   Downloading pluggy-1.6.0-py3-none-any.whl.metadata (4.8 kB)
#9 2.019 Collecting charset-normalizer<4,>=2 (from requests==2.32.3->-r requirements-dev.txt (line 2))
#9 2.045   Downloading charset_normalizer-3.4.7-cp311-cp311-manylinux2014_aarch64.manylinux_2_17_aarch64.manylinux_2_28_aarch64.whl.metadata (40 kB)
#9 2.056      ━━━━━━━━━━━━━━━━━━━━━━━━━━━━━━━━━━━━━━━━ 40.9/40.9 kB 4.5 MB/s eta 0:00:00
#9 2.090 Collecting idna<4,>=2.5 (from requests==2.32.3->-r requirements-dev.txt (line 2))
#9 2.116   Downloading idna-3.14-py3-none-any.whl.metadata (8.0 kB)
#9 2.162 Collecting urllib3<3,>=1.21.1 (from requests==2.32.3->-r requirements-dev.txt (line 2))
#9 2.190   Downloading urllib3-2.7.0-py3-none-any.whl.metadata (6.9 kB)
#9 2.228 Collecting certifi>=2017.4.17 (from requests==2.32.3->-r requirements-dev.txt (line 2))
#9 2.253   Downloading certifi-2026.4.22-py3-none-any.whl.metadata (2.5 kB)
#9 2.319 Collecting MarkupSafe>=2.0 (from Jinja2>=3.1.2->flask==3.0.3->-r requirements.txt (line 1))
#9 2.348   Downloading markupsafe-3.0.3-cp311-cp311-manylinux2014_aarch64.manylinux_2_17_aarch64.manylinux_2_28_aarch64.whl.metadata (2.7 kB)
#9 2.399 Downloading flask-3.0.3-py3-none-any.whl (101 kB)
#9 2.424    ━━━━━━━━━━━━━━━━━━━━━━━━━━━━━━━━━━━━━━━━ 101.7/101.7 kB 4.0 MB/s eta 0:00:00
#9 2.456 Downloading pytest-8.2.2-py3-none-any.whl (339 kB)
#9 2.509    ━━━━━━━━━━━━━━━━━━━━━━━━━━━━━━━━━━━━━━━━ 339.9/339.9 kB 6.4 MB/s eta 0:00:00
#9 2.538 Downloading requests-2.32.3-py3-none-any.whl (64 kB)
#9 2.542    ━━━━━━━━━━━━━━━━━━━━━━━━━━━━━━━━━━━━━━━━ 64.9/64.9 kB 38.4 MB/s eta 0:00:00
#9 2.573 Downloading blinker-1.9.0-py3-none-any.whl (8.5 kB)
#9 2.603 Downloading certifi-2026.4.22-py3-none-any.whl (135 kB)
#9 2.612    ━━━━━━━━━━━━━━━━━━━━━━━━━━━━━━━━━━━━━━━━ 135.7/135.7 kB 26.7 MB/s eta 0:00:00
#9 2.643 Downloading charset_normalizer-3.4.7-cp311-cp311-manylinux2014_aarch64.manylinux_2_17_aarch64.manylinux_2_28_aarch64.whl (206 kB)
#9 2.683    ━━━━━━━━━━━━━━━━━━━━━━━━━━━━━━━━━━━━━━━━ 206.4/206.4 kB 5.6 MB/s eta 0:00:00
#9 2.714 Downloading click-8.3.3-py3-none-any.whl (110 kB)
#9 2.725    ━━━━━━━━━━━━━━━━━━━━━━━━━━━━━━━━━━━━━━━━ 110.5/110.5 kB 13.8 MB/s eta 0:00:00
#9 2.756 Downloading idna-3.14-py3-none-any.whl (72 kB)
#9 2.763    ━━━━━━━━━━━━━━━━━━━━━━━━━━━━━━━━━━━━━━━━ 72.2/72.2 kB 19.2 MB/s eta 0:00:00
#9 2.794 Downloading itsdangerous-2.2.0-py3-none-any.whl (16 kB)
#9 2.823 Downloading jinja2-3.1.6-py3-none-any.whl (134 kB)
#9 2.838    ━━━━━━━━━━━━━━━━━━━━━━━━━━━━━━━━━━━━━━━━ 134.9/134.9 kB 12.0 MB/s eta 0:00:00
#9 2.868 Downloading pluggy-1.6.0-py3-none-any.whl (20 kB)
#9 2.900 Downloading urllib3-2.7.0-py3-none-any.whl (131 kB)
#9 2.911    ━━━━━━━━━━━━━━━━━━━━━━━━━━━━━━━━━━━━━━━━ 131.1/131.1 kB 16.8 MB/s eta 0:00:00
#9 2.944 Downloading werkzeug-3.1.8-py3-none-any.whl (226 kB)
#9 2.974    ━━━━━━━━━━━━━━━━━━━━━━━━━━━━━━━━━━━━━━━━ 226.5/226.5 kB 8.5 MB/s eta 0:00:00
#9 3.006 Downloading iniconfig-2.3.0-py3-none-any.whl (7.5 kB)
#9 3.038 Downloading packaging-26.2-py3-none-any.whl (100 kB)
#9 3.045    ━━━━━━━━━━━━━━━━━━━━━━━━━━━━━━━━━━━━━━━━ 100.2/100.2 kB 31.8 MB/s eta 0:00:00
#9 3.077 Downloading markupsafe-3.0.3-cp311-cp311-manylinux2014_aarch64.manylinux_2_17_aarch64.manylinux_2_28_aarch64.whl (24 kB)
#9 3.134 Installing collected packages: urllib3, pluggy, packaging, MarkupSafe, itsdangerous, iniconfig, idna, click, charset-normalizer, certifi, blinker, Werkzeug, requests, pytest, Jinja2, flask
#9 3.613 Successfully installed Jinja2-3.1.6 MarkupSafe-3.0.3 Werkzeug-3.1.8 blinker-1.9.0 certifi-2026.4.22 charset-normalizer-3.4.7 click-8.3.3 flask-3.0.3 idna-3.14 iniconfig-2.3.0 itsdangerous-2.2.0 packaging-26.2 pluggy-1.6.0 pytest-8.2.2 requests-2.32.3 urllib3-2.7.0
#9 3.613 WARNING: Running pip as the 'root' user can result in broken permissions and conflicting behaviour with the system package manager. It is recommended to use a virtual environment instead: https://pip.pypa.io/warnings/venv
#9 3.735 
#9 3.735 [notice] A new release of pip is available: 24.0 -> 26.1.1
#9 3.735 [notice] To update, run: pip install --upgrade pip
#9 DONE 3.8s

#10 [6/6] COPY app.py .
#10 DONE 0.0s

#11 exporting to image
#11 exporting layers
#11 exporting layers 0.7s done
#11 exporting manifest sha256:f963ebcb97d09b94bf2ab86d9c1184279a8bd7fada645de827af3e25b957b8a1
#11 exporting manifest sha256:f963ebcb97d09b94bf2ab86d9c1184279a8bd7fada645de827af3e25b957b8a1 done
#11 exporting config sha256:5565ff4057ce32e3279f45c49869744a48af4059c959ed27a0a76f3295d3b8fa done
#11 exporting attestation manifest sha256:d0c54d29dc8ec6c86d77a046b98f77e1baebaebe72c92adac4a82d9691b34b35 done
#11 exporting manifest list sha256:f9be21cd9fc0eac88d345855d4596581185c553dbae59bebfc290b487b88ef76 done
#11 naming to docker.io/library/kalkulator-slim:latest done
#11 unpacking to docker.io/library/kalkulator-slim:latest 0.1s done
#11 DONE 0.8s
